/gpfsnyu/home/ax266/miniconda3/lib/python3.6/site-packages/torchvision-0.2.0-py3.6.egg/torchvision/transforms/transforms.py:156: UserWarning: The use of the transforms.Scale transform is deprecated, please use transforms.Resize instead.
...
...
...
...
...
...
...
...
...
...
...
...
...
...
...
...
...
...
...
...
...
...
...
...
...
...
...
...
final accuracy: 0.40332581736189405
